// Jest Snapshot v1, https://goo.gl/fbAQLP

exports[`<Community /> should render component 1`] = `
<Query
  query={
    Object {
      "definitions": Array [
        Object {
          "directives": Array [],
          "kind": "OperationDefinition",
          "name": Object {
            "kind": "Name",
            "value": "upcomingTrainingInstancesWithAutoDiscounts",
          },
          "operation": "query",
          "selectionSet": Object {
            "kind": "SelectionSet",
            "selections": Array [
              Object {
                "alias": null,
                "arguments": Array [
                  Object {
                    "kind": "Argument",
                    "name": Object {
                      "kind": "Name",
                      "value": "filter",
                    },
                    "value": Object {
                      "fields": Array [
                        Object {
                          "kind": "ObjectField",
                          "name": Object {
                            "kind": "Name",
                            "value": "ownerId",
                          },
                          "value": Object {
                            "kind": "StringValue",
                            "value": "5aaa9b07f146e5cfafad189e",
                          },
                        },
                        Object {
                          "kind": "ObjectField",
                          "name": Object {
                            "kind": "Name",
                            "value": "city",
                          },
                          "value": Object {
                            "kind": "Variable",
                            "name": Object {
                              "kind": "Name",
                              "value": "city",
                            },
                          },
                        },
                        Object {
                          "kind": "ObjectField",
                          "name": Object {
                            "kind": "Name",
                            "value": "startDate",
                          },
                          "value": Object {
                            "kind": "EnumValue",
                            "value": "future",
                          },
                        },
                      ],
                      "kind": "ObjectValue",
                    },
                  },
                  Object {
                    "kind": "Argument",
                    "name": Object {
                      "kind": "Name",
                      "value": "orderBy",
                    },
                    "value": Object {
                      "fields": Array [
                        Object {
                          "kind": "ObjectField",
                          "name": Object {
                            "kind": "Name",
                            "value": "sort",
                          },
                          "value": Object {
                            "kind": "EnumValue",
                            "value": "startDate",
                          },
                        },
                        Object {
                          "kind": "ObjectField",
                          "name": Object {
                            "kind": "Name",
                            "value": "direction",
                          },
                          "value": Object {
                            "kind": "EnumValue",
                            "value": "ASC",
                          },
                        },
                      ],
                      "kind": "ObjectValue",
                    },
                  },
                ],
                "directives": Array [],
                "kind": "Field",
                "name": Object {
                  "kind": "Name",
                  "value": "trainingInstancesConnection",
                },
                "selectionSet": Object {
                  "kind": "SelectionSet",
                  "selections": Array [
                    Object {
                      "alias": null,
                      "arguments": Array [],
                      "directives": Array [],
                      "kind": "Field",
                      "name": Object {
                        "kind": "Name",
                        "value": "edges",
                      },
                      "selectionSet": Object {
                        "kind": "SelectionSet",
                        "selections": Array [
                          Object {
                            "alias": null,
                            "arguments": Array [],
                            "directives": Array [],
                            "kind": "Field",
                            "name": Object {
                              "kind": "Name",
                              "value": "node",
                            },
                            "selectionSet": Object {
                              "kind": "SelectionSet",
                              "selections": Array [
                                Object {
                                  "alias": null,
                                  "arguments": Array [],
                                  "directives": Array [],
                                  "kind": "Field",
                                  "name": Object {
                                    "kind": "Name",
                                    "value": "id",
                                  },
                                  "selectionSet": null,
                                },
                                Object {
                                  "alias": null,
                                  "arguments": Array [],
                                  "directives": Array [],
                                  "kind": "Field",
                                  "name": Object {
                                    "kind": "Name",
                                    "value": "startDate",
                                  },
                                  "selectionSet": null,
                                },
                                Object {
                                  "alias": null,
                                  "arguments": Array [],
                                  "directives": Array [],
                                  "kind": "Field",
                                  "name": Object {
                                    "kind": "Name",
                                    "value": "endDate",
                                  },
                                  "selectionSet": null,
                                },
                                Object {
                                  "alias": null,
                                  "arguments": Array [],
                                  "directives": Array [],
                                  "kind": "Field",
                                  "name": Object {
                                    "kind": "Name",
                                    "value": "city",
                                  },
                                  "selectionSet": null,
                                },
                                Object {
                                  "alias": null,
                                  "arguments": Array [],
                                  "directives": Array [],
                                  "kind": "Field",
                                  "name": Object {
                                    "kind": "Name",
                                    "value": "country",
                                  },
                                  "selectionSet": null,
                                },
                                Object {
                                  "alias": null,
                                  "arguments": Array [],
                                  "directives": Array [],
                                  "kind": "Field",
                                  "name": Object {
                                    "kind": "Name",
                                    "value": "address",
                                  },
                                  "selectionSet": null,
                                },
                                Object {
                                  "alias": null,
                                  "arguments": Array [],
                                  "directives": Array [],
                                  "kind": "Field",
                                  "name": Object {
                                    "kind": "Name",
                                    "value": "mapUrl",
                                  },
                                  "selectionSet": null,
                                },
                                Object {
                                  "alias": null,
                                  "arguments": Array [],
                                  "directives": Array [],
                                  "kind": "Field",
                                  "name": Object {
                                    "kind": "Name",
                                    "value": "price",
                                  },
                                  "selectionSet": null,
                                },
                                Object {
                                  "alias": null,
                                  "arguments": Array [],
                                  "directives": Array [],
                                  "kind": "Field",
                                  "name": Object {
                                    "kind": "Name",
                                    "value": "upcomingAutomaticDiscounts",
                                  },
                                  "selectionSet": Object {
                                    "kind": "SelectionSet",
                                    "selections": Array [
                                      Object {
                                        "alias": null,
                                        "arguments": Array [],
                                        "directives": Array [],
                                        "kind": "Field",
                                        "name": Object {
                                          "kind": "Name",
                                          "value": "edges",
                                        },
                                        "selectionSet": Object {
                                          "kind": "SelectionSet",
                                          "selections": Array [
                                            Object {
                                              "alias": null,
                                              "arguments": Array [],
                                              "directives": Array [],
                                              "kind": "Field",
                                              "name": Object {
                                                "kind": "Name",
                                                "value": "node",
                                              },
                                              "selectionSet": Object {
                                                "kind": "SelectionSet",
                                                "selections": Array [
                                                  Object {
                                                    "alias": null,
                                                    "arguments": Array [],
                                                    "directives": Array [],
                                                    "kind": "Field",
                                                    "name": Object {
                                                      "kind": "Name",
                                                      "value": "code",
                                                    },
                                                    "selectionSet": null,
                                                  },
                                                  Object {
                                                    "alias": null,
                                                    "arguments": Array [],
                                                    "directives": Array [],
                                                    "kind": "Field",
                                                    "name": Object {
                                                      "kind": "Name",
                                                      "value": "id",
                                                    },
                                                    "selectionSet": null,
                                                  },
                                                  Object {
                                                    "alias": null,
                                                    "arguments": Array [],
                                                    "directives": Array [],
                                                    "kind": "Field",
                                                    "name": Object {
                                                      "kind": "Name",
                                                      "value": "discountPercentage",
                                                    },
                                                    "selectionSet": null,
                                                  },
                                                  Object {
                                                    "alias": null,
                                                    "arguments": Array [],
                                                    "directives": Array [],
                                                    "kind": "Field",
                                                    "name": Object {
                                                      "kind": "Name",
                                                      "value": "discountAmount",
                                                    },
                                                    "selectionSet": null,
                                                  },
                                                  Object {
                                                    "alias": null,
                                                    "arguments": Array [],
                                                    "directives": Array [],
                                                    "kind": "Field",
                                                    "name": Object {
                                                      "kind": "Name",
                                                      "value": "startsAt",
                                                    },
                                                    "selectionSet": null,
                                                  },
                                                  Object {
                                                    "alias": null,
                                                    "arguments": Array [],
                                                    "directives": Array [],
                                                    "kind": "Field",
                                                    "name": Object {
                                                      "kind": "Name",
                                                      "value": "expiresAt",
                                                    },
                                                    "selectionSet": null,
                                                  },
                                                ],
                                              },
                                            },
                                          ],
                                        },
                                      },
                                    ],
                                  },
                                },
                                Object {
                                  "alias": null,
                                  "arguments": Array [],
                                  "directives": Array [],
                                  "kind": "Field",
                                  "name": Object {
                                    "kind": "Name",
                                    "value": "training",
                                  },
                                  "selectionSet": Object {
                                    "kind": "SelectionSet",
                                    "selections": Array [
                                      Object {
                                        "alias": null,
                                        "arguments": Array [],
                                        "directives": Array [],
                                        "kind": "Field",
                                        "name": Object {
                                          "kind": "Name",
                                          "value": "type",
                                        },
                                        "selectionSet": null,
                                      },
                                    ],
                                  },
                                },
                              ],
                            },
                          },
                        ],
                      },
                    },
                  ],
                },
              },
            ],
          },
          "variableDefinitions": Array [
            Object {
              "defaultValue": null,
              "kind": "VariableDefinition",
              "type": Object {
                "kind": "NamedType",
                "name": Object {
                  "kind": "Name",
                  "value": "String",
                },
              },
              "variable": Object {
                "kind": "Variable",
                "name": Object {
                  "kind": "Name",
                  "value": "city",
                },
              },
            },
          ],
        },
      ],
      "kind": "Document",
      "loc": Object {
        "end": 719,
        "source": Object {
          "body": "query upcomingTrainingInstancesWithAutoDiscounts($city: String) {
  trainingInstancesConnection(
    filter: {
      ownerId: \\"5aaa9b07f146e5cfafad189e\\"
      city: $city
      startDate: future
    }
    orderBy: { sort: startDate, direction: ASC }
  ) {
    edges {
      node {
        id
        startDate
        endDate
        city
        country
        address
        mapUrl
        price
        upcomingAutomaticDiscounts {
          edges {
            node {
              code
              id
              discountPercentage
              discountAmount
              startsAt
              expiresAt
            }
          }
        }
        training {
          type
        }
      }
    }
  }
}
",
          "locationOffset": Object {
            "column": 1,
            "line": 1,
          },
          "name": "GraphQL request",
        },
        "start": 0,
      },
      "upcomingTrainingInstancesWithAutoDiscounts": Object {
        "definitions": Array [
          Object {
            "directives": Array [],
            "kind": "OperationDefinition",
            "name": Object {
              "kind": "Name",
              "value": "upcomingTrainingInstancesWithAutoDiscounts",
            },
            "operation": "query",
            "selectionSet": Object {
              "kind": "SelectionSet",
              "selections": Array [
                Object {
                  "alias": null,
                  "arguments": Array [
                    Object {
                      "kind": "Argument",
                      "name": Object {
                        "kind": "Name",
                        "value": "filter",
                      },
                      "value": Object {
                        "fields": Array [
                          Object {
                            "kind": "ObjectField",
                            "name": Object {
                              "kind": "Name",
                              "value": "ownerId",
                            },
                            "value": Object {
                              "kind": "StringValue",
                              "value": "5aaa9b07f146e5cfafad189e",
                            },
                          },
                          Object {
                            "kind": "ObjectField",
                            "name": Object {
                              "kind": "Name",
                              "value": "city",
                            },
                            "value": Object {
                              "kind": "Variable",
                              "name": Object {
                                "kind": "Name",
                                "value": "city",
                              },
                            },
                          },
                          Object {
                            "kind": "ObjectField",
                            "name": Object {
                              "kind": "Name",
                              "value": "startDate",
                            },
                            "value": Object {
                              "kind": "EnumValue",
                              "value": "future",
                            },
                          },
                        ],
                        "kind": "ObjectValue",
                      },
                    },
                    Object {
                      "kind": "Argument",
                      "name": Object {
                        "kind": "Name",
                        "value": "orderBy",
                      },
                      "value": Object {
                        "fields": Array [
                          Object {
                            "kind": "ObjectField",
                            "name": Object {
                              "kind": "Name",
                              "value": "sort",
                            },
                            "value": Object {
                              "kind": "EnumValue",
                              "value": "startDate",
                            },
                          },
                          Object {
                            "kind": "ObjectField",
                            "name": Object {
                              "kind": "Name",
                              "value": "direction",
                            },
                            "value": Object {
                              "kind": "EnumValue",
                              "value": "ASC",
                            },
                          },
                        ],
                        "kind": "ObjectValue",
                      },
                    },
                  ],
                  "directives": Array [],
                  "kind": "Field",
                  "name": Object {
                    "kind": "Name",
                    "value": "trainingInstancesConnection",
                  },
                  "selectionSet": Object {
                    "kind": "SelectionSet",
                    "selections": Array [
                      Object {
                        "alias": null,
                        "arguments": Array [],
                        "directives": Array [],
                        "kind": "Field",
                        "name": Object {
                          "kind": "Name",
                          "value": "edges",
                        },
                        "selectionSet": Object {
                          "kind": "SelectionSet",
                          "selections": Array [
                            Object {
                              "alias": null,
                              "arguments": Array [],
                              "directives": Array [],
                              "kind": "Field",
                              "name": Object {
                                "kind": "Name",
                                "value": "node",
                              },
                              "selectionSet": Object {
                                "kind": "SelectionSet",
                                "selections": Array [
                                  Object {
                                    "alias": null,
                                    "arguments": Array [],
                                    "directives": Array [],
                                    "kind": "Field",
                                    "name": Object {
                                      "kind": "Name",
                                      "value": "id",
                                    },
                                    "selectionSet": null,
                                  },
                                  Object {
                                    "alias": null,
                                    "arguments": Array [],
                                    "directives": Array [],
                                    "kind": "Field",
                                    "name": Object {
                                      "kind": "Name",
                                      "value": "startDate",
                                    },
                                    "selectionSet": null,
                                  },
                                  Object {
                                    "alias": null,
                                    "arguments": Array [],
                                    "directives": Array [],
                                    "kind": "Field",
                                    "name": Object {
                                      "kind": "Name",
                                      "value": "endDate",
                                    },
                                    "selectionSet": null,
                                  },
                                  Object {
                                    "alias": null,
                                    "arguments": Array [],
                                    "directives": Array [],
                                    "kind": "Field",
                                    "name": Object {
                                      "kind": "Name",
                                      "value": "city",
                                    },
                                    "selectionSet": null,
                                  },
                                  Object {
                                    "alias": null,
                                    "arguments": Array [],
                                    "directives": Array [],
                                    "kind": "Field",
                                    "name": Object {
                                      "kind": "Name",
                                      "value": "country",
                                    },
                                    "selectionSet": null,
                                  },
                                  Object {
                                    "alias": null,
                                    "arguments": Array [],
                                    "directives": Array [],
                                    "kind": "Field",
                                    "name": Object {
                                      "kind": "Name",
                                      "value": "address",
                                    },
                                    "selectionSet": null,
                                  },
                                  Object {
                                    "alias": null,
                                    "arguments": Array [],
                                    "directives": Array [],
                                    "kind": "Field",
                                    "name": Object {
                                      "kind": "Name",
                                      "value": "mapUrl",
                                    },
                                    "selectionSet": null,
                                  },
                                  Object {
                                    "alias": null,
                                    "arguments": Array [],
                                    "directives": Array [],
                                    "kind": "Field",
                                    "name": Object {
                                      "kind": "Name",
                                      "value": "price",
                                    },
                                    "selectionSet": null,
                                  },
                                  Object {
                                    "alias": null,
                                    "arguments": Array [],
                                    "directives": Array [],
                                    "kind": "Field",
                                    "name": Object {
                                      "kind": "Name",
                                      "value": "upcomingAutomaticDiscounts",
                                    },
                                    "selectionSet": Object {
                                      "kind": "SelectionSet",
                                      "selections": Array [
                                        Object {
                                          "alias": null,
                                          "arguments": Array [],
                                          "directives": Array [],
                                          "kind": "Field",
                                          "name": Object {
                                            "kind": "Name",
                                            "value": "edges",
                                          },
                                          "selectionSet": Object {
                                            "kind": "SelectionSet",
                                            "selections": Array [
                                              Object {
                                                "alias": null,
                                                "arguments": Array [],
                                                "directives": Array [],
                                                "kind": "Field",
                                                "name": Object {
                                                  "kind": "Name",
                                                  "value": "node",
                                                },
                                                "selectionSet": Object {
                                                  "kind": "SelectionSet",
                                                  "selections": Array [
                                                    Object {
                                                      "alias": null,
                                                      "arguments": Array [],
                                                      "directives": Array [],
                                                      "kind": "Field",
                                                      "name": Object {
                                                        "kind": "Name",
                                                        "value": "code",
                                                      },
                                                      "selectionSet": null,
                                                    },
                                                    Object {
                                                      "alias": null,
                                                      "arguments": Array [],
                                                      "directives": Array [],
                                                      "kind": "Field",
                                                      "name": Object {
                                                        "kind": "Name",
                                                        "value": "id",
                                                      },
                                                      "selectionSet": null,
                                                    },
                                                    Object {
                                                      "alias": null,
                                                      "arguments": Array [],
                                                      "directives": Array [],
                                                      "kind": "Field",
                                                      "name": Object {
                                                        "kind": "Name",
                                                        "value": "discountPercentage",
                                                      },
                                                      "selectionSet": null,
                                                    },
                                                    Object {
                                                      "alias": null,
                                                      "arguments": Array [],
                                                      "directives": Array [],
                                                      "kind": "Field",
                                                      "name": Object {
                                                        "kind": "Name",
                                                        "value": "discountAmount",
                                                      },
                                                      "selectionSet": null,
                                                    },
                                                    Object {
                                                      "alias": null,
                                                      "arguments": Array [],
                                                      "directives": Array [],
                                                      "kind": "Field",
                                                      "name": Object {
                                                        "kind": "Name",
                                                        "value": "startsAt",
                                                      },
                                                      "selectionSet": null,
                                                    },
                                                    Object {
                                                      "alias": null,
                                                      "arguments": Array [],
                                                      "directives": Array [],
                                                      "kind": "Field",
                                                      "name": Object {
                                                        "kind": "Name",
                                                        "value": "expiresAt",
                                                      },
                                                      "selectionSet": null,
                                                    },
                                                  ],
                                                },
                                              },
                                            ],
                                          },
                                        },
                                      ],
                                    },
                                  },
                                  Object {
                                    "alias": null,
                                    "arguments": Array [],
                                    "directives": Array [],
                                    "kind": "Field",
                                    "name": Object {
                                      "kind": "Name",
                                      "value": "training",
                                    },
                                    "selectionSet": Object {
                                      "kind": "SelectionSet",
                                      "selections": Array [
                                        Object {
                                          "alias": null,
                                          "arguments": Array [],
                                          "directives": Array [],
                                          "kind": "Field",
                                          "name": Object {
                                            "kind": "Name",
                                            "value": "type",
                                          },
                                          "selectionSet": null,
                                        },
                                      ],
                                    },
                                  },
                                ],
                              },
                            },
                          ],
                        },
                      },
                    ],
                  },
                },
              ],
            },
            "variableDefinitions": Array [
              Object {
                "defaultValue": null,
                "kind": "VariableDefinition",
                "type": Object {
                  "kind": "NamedType",
                  "name": Object {
                    "kind": "Name",
                    "value": "String",
                  },
                },
                "variable": Object {
                  "kind": "Variable",
                  "name": Object {
                    "kind": "Name",
                    "value": "city",
                  },
                },
              },
            ],
          },
        ],
        "kind": "Document",
        "loc": Object {
          "end": 719,
          "source": Object {
            "body": "query upcomingTrainingInstancesWithAutoDiscounts($city: String) {
  trainingInstancesConnection(
    filter: {
      ownerId: \\"5aaa9b07f146e5cfafad189e\\"
      city: $city
      startDate: future
    }
    orderBy: { sort: startDate, direction: ASC }
  ) {
    edges {
      node {
        id
        startDate
        endDate
        city
        country
        address
        mapUrl
        price
        upcomingAutomaticDiscounts {
          edges {
            node {
              code
              id
              discountPercentage
              discountAmount
              startsAt
              expiresAt
            }
          }
        }
        training {
          type
        }
      }
    }
  }
}
",
            "locationOffset": Object {
              "column": 1,
              "line": 1,
            },
            "name": "GraphQL request",
          },
          "start": 0,
        },
      },
    }
  }
  variables={
    Object {
      "city": undefined,
    }
  }
>
  <Component />
</Query>
`;
