// Jest Snapshot v1, https://goo.gl/fbAQLP

exports[`<Community /> should render component 1`] = `
<Fragment>
  <Header
    bgImg="training-event"
    links={
      Array [
        Object {
          "text": "Twitter ",
          "to": "#twitter",
        },
        Object {
          "text": "Meetups",
          "to": "#meetups",
        },
        Object {
          "text": "Instagram",
          "to": "#instagram",
        },
        Object {
          "text": "Mentor community",
          "to": "#mentor-community",
        },
      ]
    }
    subtitle="We are not a group of people - but a movement!"
    titleLines={
      Array [
        "The ReactJS",
        "Academy community",
      ]
    }
  />
  <TopSection>
    <Grid>
      <Row>
        <Styled(Col)
          md={6}
          xs={12}
        >
          <Card
            border="shadow"
          >
            <Styled(Col)
              md={8}
              mdOffset={2}
            >
              <styled.h2>
                Twitter? Sure.
                <a
                  name="twitter"
                />
              </styled.h2>
              <Styled(LinkButton)
                cta={true}
                to="/react-redux-graphql-bootcamp-lisbon/"
              >
                Next Bootcamp: 11 Nov, Lisbon &gt;&gt;
              </Styled(LinkButton)>
            </Styled(Col)>
          </Card>
        </Styled(Col)>
        <Styled(Col)
          md={6}
          xs={12}
        >
          <Card
            border="shadow"
          >
            <Styled(Col)
              md={8}
              mdOffset={2}
            >
              <styled.h2>
                Meetups? Absolutely! 
                <a
                  name="meetups"
                />
              </styled.h2>
              <styled.ul>
                <styled.li>
                  <styled.h3>
                    Events
                  </styled.h3>
                </styled.li>
                <styled.li>
                  <styled.img />
                  <styled.p>
                    <strong>
                      Event name
                    </strong>
                    <br />
                    Location: 
                    Lisbon
                    , 
                    Portugal
                    <br />
                    Starts: 
                    <br />
                    <LinkButton
                      to="http://google.com"
                      trackUserBehaviour={[Function]}
                    >
                      RSVP
                    </LinkButton>
                  </styled.p>
                </styled.li>
                <styled.li>
                  <styled.img />
                  <styled.p>
                    <strong>
                      Event name
                    </strong>
                    <br />
                    Location: 
                    London
                    , 
                    UK
                    <br />
                    Starts: 
                    <br />
                    <LinkButton
                      to="http://google.com"
                      trackUserBehaviour={[Function]}
                    >
                      RSVP
                    </LinkButton>
                  </styled.p>
                </styled.li>
                <styled.li>
                  <styled.img />
                  <styled.p>
                    <strong>
                      Event name
                    </strong>
                    <br />
                    Location: 
                    London
                    , 
                    UK
                    <br />
                    Starts: 
                    <br />
                    <LinkButton
                      to="http://google.com"
                      trackUserBehaviour={[Function]}
                    >
                      RSVP
                    </LinkButton>
                  </styled.p>
                </styled.li>
              </styled.ul>
              <styled.h3>
                Groups
              </styled.h3>
              <Row>
                <Styled(Col)
                  xs={6}
                >
                  <Styled(Link)
                    to="http://meetup.com/JavaScript-London"
                  >
                    JavaScript London
                  </Styled(Link)>
                </Styled(Col)>
                <Styled(Col)
                  xs={6}
                >
                  <Styled(Link)
                    to="http://meetup.com/JavaScript-Lisbon"
                  >
                    JavaScript Lisbon
                  </Styled(Link)>
                </Styled(Col)>
                <Styled(Col)
                  xs={6}
                >
                  <Styled(Link)
                    to="http://meetup.com/JavaScript-Barcelona"
                  >
                    JavaScript Barcelona
                  </Styled(Link)>
                </Styled(Col)>
                <Styled(Col)
                  xs={6}
                >
                  <Styled(Link)
                    to="http://meetup.com/JavaScript-Amsterdam"
                  >
                    JavaScript Amsterdam
                  </Styled(Link)>
                </Styled(Col)>
                <Styled(Col)
                  xs={6}
                >
                  <Styled(Link)
                    to="http://meetup.com/JavaScript-Paris"
                  >
                    JavaScript Paris
                  </Styled(Link)>
                </Styled(Col)>
                <Styled(Col)
                  xs={6}
                >
                  <Styled(Link)
                    to="http://meetup.com/JavaScript-Berlin"
                  >
                    JavaScript Berlin
                  </Styled(Link)>
                </Styled(Col)>
              </Row>
            </Styled(Col)>
          </Card>
          <Styled(Card)
            border="shadow"
          >
            <Styled(Col)
              md={8}
              mdOffset={2}
            >
              <styled.h2>
                Instagram - boom! 
                <a
                  name="instagram"
                />
              </styled.h2>
            </Styled(Col)>
          </Styled(Card)>
        </Styled(Col)>
      </Row>
    </Grid>
  </TopSection>
  <Section>
    <Grid>
      <Row>
        <Styled(Col)
          md={6}
          xs={12}
        >
          <styled.img />
        </Styled(Col)>
        <Styled(Col)
          md={5}
          mdOffset={1}
          xs={12}
        >
          <styled.h2>
            Our mentor community 
            <a
              name="mentor-community"
            />
          </styled.h2>
          <styled.p>
            ReactJS Academy is devoted to help developers grow in their professional career. Our dedication stands beyond making them awesome React developers. We want them to make an impact in the organizations and people they choose to work with.
          </styled.p>
          <styled.p>
            Our experience tells us that the best way to master a skill is by teaching it. We believe sharing knowleadge also contributes to create collaborative workplaces and communities.
          </styled.p>
          <styled.p>
            The ReactJS Academy mentorship program enables those experienced developers in our commuity to take a step farther and become a mentor in our community events and workshops. This way they can build the experience required to become not only a great developer but also a great coach and team player.
          </styled.p>
          <styled.p>
            <Link
              name="#contact-us"
            >
              Contact us
            </Link>
          </styled.p>
        </Styled(Col)>
      </Row>
    </Grid>
  </Section>
  <UpcomingTrainingSection />
</Fragment>
`;
