// Jest Snapshot v1, https://goo.gl/fbAQLP

exports[`<CurriculumAdvancedReact /> should render component 1`] = `
<Curriculum
  curriculumTo="/react/curriculum?tab=Advanced React"
  firstHalf={
    Array [
      <CurriculumSection
        name="day1"
        subTitle="Advanced React patterns and performance"
        title="Advanced React Day 1"
        toggleNavigateTo="/react/curriculum?tab=Advanced React"
        trainingDateTime="-  09:00 - 18:00"
        type="Advanced React"
      >
        <React.Fragment>
          <AdvancedReactPatternsSession />
          <ReactPerformanceSession />
        </React.Fragment>
      </CurriculumSection>,
      <CurriculumSection
        name="day2"
        subTitle="Styling in React and Design Systems"
        title="Advanced React Day 2"
        toggleNavigateTo="/react/curriculum?tab=Advanced React"
        trainingDateTime="-  09:00 - 18:00"
        type="Advanced React"
      >
        <React.Fragment>
          <StylingInReactSession />
          <AdvancedUIPatterns />
          <DesignSystemSession />
        </React.Fragment>
      </CurriculumSection>,
      <CurriculumSection
        name="day3"
        subTitle="GraphQL 101 & Real-World Testing in React"
        title="Advanced React Day 3"
        toggleNavigateTo="/react/curriculum?tab=Advanced React"
        trainingDateTime="-  09:00 - 18:00"
        type="Advanced React"
      >
        <React.Fragment>
          <ReactGraphQLIntroSession
            title="GraphQL in React 101"
          />
          <TestingIntroSession />
          <TestingInReactSession2 />
        </React.Fragment>
      </CurriculumSection>,
    ]
  }
  title="Advanced React Training Outline"
  type="Advanced React"
/>
`;
