// Jest Snapshot v1, https://goo.gl/fbAQLP

exports[`<DesktopMenu /> should render the list of menu items 1`] = `
<Styled(Components)
  sm={true}
  xs={true}
>
  <Styled(styled.ul)
    inline={true}
  >
    <DesktopMenuItem
      key="/react"
      submenuItems={
        Array [
          Object {
            "text": "React Curriculum",
            "to": "/react/curriculum",
          },
          Object {
            "text": "React Training",
            "to": "/react/training",
          },
        ]
      }
      text="React"
      to="/react"
    />
    <DesktopMenuItem
      key="/graphql"
      submenuItems={
        Array [
          Object {
            "text": "GraphQL Curriculum",
            "to": "/graphql/curriculum",
          },
          Object {
            "text": "GraphQL Training",
            "to": "/graphql/training",
          },
        ]
      }
      text="GraphQL"
      to="/graphql"
    />
    <DesktopMenuItem
      key="/blog"
      text="Blog"
      to="/blog"
    />
    <DesktopMenuItem
      key="/about-us"
      text="About us"
      to="/about-us"
    />
    <DesktopMenuItem
      key="/community"
      text="Community"
      to="/community"
    />
    <DesktopMenuItem
      key="#contact-us"
      text="Contact"
      to="#contact-us"
    />
  </Styled(styled.ul)>
</Styled(Components)>
`;
