// Jest Snapshot v1, https://goo.gl/fbAQLP

exports[`<Footer /> should render component 1`] = `
<styled.div>
  <Grid>
    <footer>
      <Row>
        <Styled(Col)
          md={5}
          mdOffset={1}
        >
          <ContactForm
            addContactUsLink={true}
            triggerSubscribe={[Function]}
          />
        </Styled(Col)>
        <Styled(Col)
          md={4}
          mdOffset={1}
        >
          <Row>
            <Styled(Col)
              md={12}
            >
              <styled.h3>
                Site links
              </styled.h3>
            </Styled(Col)>
            <Styled(Col)
              md={6}
            >
              <Styled(styled.ul)>
                <styled.li>
                  <Link
                    to="/react/training"
                  >
                    React Courses
                  </Link>
                </styled.li>
                <styled.li>
                  <Link
                    to="/react/curriculum"
                  >
                    React Curriculum
                  </Link>
                </styled.li>
                <styled.li>
                  <Link
                    to="/graphql/training"
                  >
                    GraphQL Courses
                  </Link>
                </styled.li>
                <styled.li>
                  <Link
                    to="/graphql/curriculum"
                  >
                    GraphQL Curriculum
                  </Link>
                </styled.li>
                <styled.li>
                  <Link
                    to="/blog"
                  >
                    Blog
                  </Link>
                </styled.li>
              </Styled(styled.ul)>
            </Styled(Col)>
            <Styled(Col)
              md={6}
            >
              <Styled(styled.ul)>
                <styled.li>
                  <Link
                    to="/about-us"
                  >
                    About us
                  </Link>
                </styled.li>
                <styled.li>
                  <Link
                    to="/community"
                  >
                    Community
                  </Link>
                </styled.li>
                <styled.li>
                  <Link
                    to="/privacy-policy"
                  >
                    Privacy Policy
                  </Link>
                </styled.li>
                <styled.li>
                  <Link
                    to="/terms-of-service"
                  >
                    Terms of service
                  </Link>
                </styled.li>
                <styled.li>
                  <Link
                    to="/code-of-conduct"
                  >
                    Code of conduct
                  </Link>
                </styled.li>
              </Styled(styled.ul)>
            </Styled(Col)>
          </Row>
          <Row>
            <Styled(Col)
              md={12}
            >
              <styled.span>
                Follow us...
              </styled.span>
              <Styled(styled.ul)
                inline={true}
                unstyled={true}
              >
                <styled.li>
                  <Styled(Link)
                    title="React GraphQL Academy Twitter"
                    to="https://twitter.com/reactgqlacademy"
                  >
                    <BulletIcon
                      icon={[Function]}
                      social={true}
                    />
                  </Styled(Link)>
                </styled.li>
                <styled.li>
                  <Styled(Link)
                    title="React GraphQL Academy Instagram"
                    to="https://www.instagram.com/reactgraphqlacademy/"
                  >
                    <BulletIcon
                      icon={[Function]}
                      social={true}
                    />
                  </Styled(Link)>
                </styled.li>
                <styled.li>
                  <Styled(Link)
                    title="React GraphQL Academy Facebook"
                    to="https://www.facebook.com/reactgraphqlacademy/"
                  >
                    <BulletIcon
                      icon={[Function]}
                      social={true}
                    />
                  </Styled(Link)>
                </styled.li>
              </Styled(styled.ul)>
            </Styled(Col)>
            <Styled(Col)
              md={12}
            >
              <styled.p
                sm={true}
              >
                Copyright © 
                2017 - 2019
                , React GraphQL Academy is a
                 
                <Link
                  to="https://leanjs.com"
                >
                  LeanJS
                </Link>
                 product
              </styled.p>
            </Styled(Col)>
            <Styled(Col)
              md={12}
            >
              <RJSALogo />
            </Styled(Col)>
          </Row>
        </Styled(Col)>
      </Row>
    </footer>
  </Grid>
</styled.div>
`;
