// Jest Snapshot v1, https://goo.gl/fbAQLP

exports[`<CurriculumReactBootcamp /> should render component 1`] = `
<Fragment>
  <Row>
    <Styled(Styled(Box))
      box={[Function]}
      display="flex"
      lg={10}
      lgOffset={1}
    >
      <Styled(Styled(Box))
        box="h2"
        fontSize={5}
        fontWeight="bold"
        lineHeight={6}
        mb={5}
        pt={5}
      >
        React Bootcamp Curriculum
         
        <Link
          name="curriculum"
          to="#curriculum"
        >
          #
        </Link>
      </Styled(Styled(Box))>
    </Styled(Styled(Box))>
  </Row>
  <Row>
    <Styled(Styled(Box))
      box={[Function]}
      display="flex"
      lg={5}
      lgOffset={1}
      md={6}
    >
      <Styled(Box)
        box="h3"
        fontSize={4}
        lineHeight={4}
        pt={4}
      >
        Course outline
      </Styled(Box)>
      <CurriculumSection
        name="day0"
        subTitle="React JS 101"
        title="Evening pre-bootcamp"
        toggleNavigateTo={[Function]}
        trainingTime=" 18:30 - 21:00"
        type="React Bootcamp"
      >
        <ReactJS101Session />
      </CurriculumSection>
      <CurriculumSection
        name="day1"
        subTitle="Modern JavaScript, Thinking in React, Routing & Data Fetching"
        title="Day 1"
        toggleNavigateTo={[Function]}
        trainingTime=" 09:00 - 18:30"
        type="React Bootcamp"
      >
        <ES6Session />
        <ThinkingInReactSession />
        <RoutingAndDataFetchingSession />
      </CurriculumSection>
      <CurriculumSection
        name="day2"
        subTitle="Forms, Authentication, and Hooks"
        title="Day 2"
        toggleNavigateTo={[Function]}
        trainingTime=" 09:00 - 18:30"
        type="React Bootcamp"
      >
        <FormsAndAuthSession />
        <ReactFundamentalsRecapSession
          title="React Fundamentals recap, build a React app from scratch on your own to consolidate:"
        />
        <HooksSession />
      </CurriculumSection>
      <CurriculumSection
        name="day3"
        subTitle="Redux Fundamentals, Advanced Redux, and FP"
        title="Day 3"
        toggleNavigateTo={[Function]}
        trainingTime=" 09:00 - 18:30"
        type="React Bootcamp"
      >
        <IntroReduxSession />
        <AdvancedReduxSession
          title="Advanced Redux"
        />
      </CurriculumSection>
      <CurriculumSection
        name="day4"
        subTitle="Advanced React patterns, Hooks, and performance"
        title="Day 4"
        toggleNavigateTo={[Function]}
        trainingTime=" 09:00 - 18:30"
        type="React Bootcamp"
      >
        <HoCsRenderPropsStateReducerSession
          title="Functional Programming & Advanced React patterns"
        />
        <ReactPerformanceSession
          title="Performance"
        />
      </CurriculumSection>
      <CurriculumSection
        name="day5"
        subTitle="Advanced UI Patterns & Styling in React"
        title="Day 5"
        toggleNavigateTo={[Function]}
        trainingTime=" 09:00 - 18:30"
        type="React Bootcamp"
      >
        <AdvancedUIPatterns
          title="Advanced UI Patterns"
        />
        <StylingInReactSession />
        <DesignSystemSession
          title="Design Systems"
        />
      </CurriculumSection>
      <CurriculumSection
        name="day6"
        subTitle="Real-World Testing in React"
        title="Day 6"
        toggleNavigateTo={[Function]}
        trainingTime=" 09:00 - 18:30"
        type="React Bootcamp"
      >
        <TestingIntroSession />
        <TestingInReactSession />
        <E2ESession
          title="End-to-End Testing"
        />
      </CurriculumSection>
      <Styled(Box)
        pt={5}
      >
        <LinkButton
          className="curriculum-cta"
          to="/react/curriculum?tab=React Bootcamp"
          variant="default"
        >
          Full curriculum
        </LinkButton>
      </Styled(Box)>
    </Styled(Styled(Box))>
    <Styled(Styled(Box))
      box={[Function]}
      display="flex"
      lg={4}
      md={5}
      mdOffset={1}
    />
  </Row>
</Fragment>
`;
