// Jest Snapshot v1, https://goo.gl/fbAQLP

exports[`<CurriculumReactNative /> should render component 1`] = `
<Fragment>
  <Row>
    <Styled(Styled(Box))
      box={[Function]}
      display="flex"
      lg={10}
      lgOffset={1}
    >
      <Styled(Styled(Box))
        box="h2"
        fontSize={5}
        fontWeight="bold"
        lineHeight={6}
        mb={5}
        pt={5}
      >
        React Native Curriculum
        <Link
          name="curriculum"
          to="#curriculum"
        >
          #
        </Link>
      </Styled(Styled(Box))>
    </Styled(Styled(Box))>
  </Row>
  <Row>
    <Styled(Styled(Box))
      box={[Function]}
      display="flex"
      lg={5}
      lgOffset={1}
      md={6}
    >
      <Styled(Box)
        box="h3"
        fontSize={4}
        lineHeight={4}
        pt={4}
      >
        Course outline
      </Styled(Box)>
      <CurriculumSection
        name="day1"
        subTitle="Foundation, Navigation, and Animations"
        title="React Native Day 1"
        toggleNavigateTo={[Function]}
        type="React Native"
      >
        <ReactNativeFoundationSession
          title="Foundation"
        />
        <ReactNativeNavigationSession
          title="Navigation"
        />
        <ReactNativeAnimationsSession
          title="Animations"
        />
      </CurriculumSection>
    </Styled(Styled(Box))>
    <Styled(Styled(Box))
      box={[Function]}
      display="flex"
      lg={4}
      md={5}
      mdOffset={1}
    />
  </Row>
</Fragment>
`;
