// Jest Snapshot v1, https://goo.gl/fbAQLP

exports[`<CurriculumReactBootcamp /> should render component 1`] = `
<Curriculum
  curriculumTo="/react/curriculum?tab=React Bootcamp"
  firstHalf={
    Array [
      <CurriculumSection
        name="day1"
        subTitle="Thinking in React, Modern JavaScript, Routing & Data Fetching"
        sx={
          Object {
            "mt": 4,
          }
        }
        title="Day  1"
        toggleNavigateTo="/react/curriculum?tab=React Bootcamp"
        trainingDateTime="-  09:00 - 18:00"
        type="React Bootcamp"
      >
        <React.Fragment>
          <ThinkingInReactSession />
          <ES6Session />
          <RoutingAndDataFetchingSession />
        </React.Fragment>
      </CurriculumSection>,
      <CurriculumSection
        name="day2"
        subTitle="Forms, Authentication, and Hooks"
        sx={
          Object {
            "mt": 4,
          }
        }
        title="Day  2"
        toggleNavigateTo="/react/curriculum?tab=React Bootcamp"
        trainingDateTime="-  09:00 - 18:00"
        type="React Bootcamp"
      >
        <React.Fragment>
          <FormsAndAuthSession />
          <HooksSession />
          <ReactFundamentalsRecapSession />
        </React.Fragment>
      </CurriculumSection>,
      <CurriculumSection
        name="day3"
        subTitle="Redux Fundamentals, deployment to production"
        sx={
          Object {
            "mt": 4,
          }
        }
        title="Day  3"
        toggleNavigateTo="/react/curriculum?tab=React Bootcamp"
        trainingDateTime="-  09:00 - 18:00"
        type="React Bootcamp"
      >
        <React.Fragment>
          <IntroReduxSession />
          <FundamentalsFinalProject />
        </React.Fragment>
      </CurriculumSection>,
    ]
  }
  secondHalf={
    Array [
      <CurriculumSection
        name="day4"
        subTitle="Advanced React patterns and performance"
        sx={
          Object {
            "mt": 4,
          }
        }
        title="Day  4"
        toggleNavigateTo="/react/curriculum?tab=React Bootcamp"
        trainingDateTime="-  09:00 - 18:00"
        type="React Bootcamp"
      >
        <React.Fragment>
          <AdvancedReactPatternsSession />
          <ReactPerformanceSession />
        </React.Fragment>
      </CurriculumSection>,
      <CurriculumSection
        name="day5"
        subTitle="Styling in React and Design Systems"
        sx={
          Object {
            "mt": 4,
          }
        }
        title="Day  5"
        toggleNavigateTo="/react/curriculum?tab=React Bootcamp"
        trainingDateTime="-  09:00 - 18:00"
        type="React Bootcamp"
      >
        <React.Fragment>
          <StylingInReactSession />
          <AdvancedUIPatterns />
          <DesignSystemSession />
        </React.Fragment>
      </CurriculumSection>,
      <CurriculumSection
        name="day6"
        subTitle="Real-World Testing in React"
        sx={
          Object {
            "mt": 4,
          }
        }
        title="Day  6"
        toggleNavigateTo="/react/curriculum?tab=React Bootcamp"
        trainingDateTime="-  09:00 - 18:00"
        type="React Bootcamp"
      >
        <React.Fragment>
          <TestingIntroSession />
          <TestingInReactSession />
        </React.Fragment>
      </CurriculumSection>,
    ]
  }
  title="React Bootcamp Curriculum"
  type="React Bootcamp"
/>
`;
