// Jest Snapshot v1, https://goo.gl/fbAQLP

exports[`<CurriculumReactPartTime /> should render component 1`] = `
<Curriculum
  curriculumTo="/react/curriculum?tab=React Part-time"
  firstHalf={
    Array [
      <CurriculumSection
        mt={4}
        name="session1"
        title="Session 1 - Modern JavaScript"
        toggleNavigateTo="/react/curriculum?tab=React Part-time"
        type="React Part-time"
      >
        <ES6Session
          title=""
        />
      </CurriculumSection>,
      <CurriculumSection
        mt={4}
        name="session2"
        title="Session 2 - Thinking in React"
        toggleNavigateTo="/react/curriculum?tab=React Part-time"
        type="React Part-time"
      >
        <ThinkingInReactSession
          title=""
        />
      </CurriculumSection>,
      <CurriculumSection
        mt={4}
        name="session3"
        title="Session 3 - Routing & Data Fetching"
        toggleNavigateTo="/react/curriculum?tab=React Part-time"
        type="React Part-time"
      >
        <RoutingAndDataFetchingSession
          title=""
        />
      </CurriculumSection>,
      <CurriculumSection
        mt={4}
        name="session4"
        title="Session 4 - Recap: build a React app from scratch"
        toggleNavigateTo="/react/curriculum?tab=React Part-time"
        type="React Part-time"
      >
        <ReactFundamentalsRecapSession
          title=""
        />
      </CurriculumSection>,
    ]
  }
  secondHalf={
    Array [
      <CurriculumSection
        mt={4}
        name="session5"
        title="Session 5 - Forms & Auth"
        toggleNavigateTo="/react/curriculum?tab=React Part-time"
        type="React Part-time"
      >
        <FormsAndAuthSession
          title=""
        />
      </CurriculumSection>,
      <CurriculumSection
        mt={4}
        name="session6"
        title="Session 6 - React Hooks"
        toggleNavigateTo="/react/curriculum?tab=React Part-time"
        type="React Part-time"
      >
        <HooksSession
          title=""
        />
      </CurriculumSection>,
      <CurriculumSection
        mt={4}
        name="session7"
        title="Session 7 - Redux"
        toggleNavigateTo="/react/curriculum?tab=React Part-time"
        type="React Part-time"
      >
        <IntroReduxSession
          title=""
        />
      </CurriculumSection>,
      <CurriculumSection
        mt={4}
        name="session8"
        title="Session 8 - React Redux Real-world Final Project"
        toggleNavigateTo="/react/curriculum?tab=React Part-time"
        type="React Part-time"
      >
        <PartTimeFinalProject
          title=""
        />
      </CurriculumSection>,
    ]
  }
  title="React Part-time course curriculum"
  type="React Part-time"
/>
`;
