// Jest Snapshot v1, https://goo.gl/fbAQLP

exports[`<CurriculumAdvancedReact /> should render component 1`] = `
<Fragment>
  <Row>
    <Styled(Col)
      lg={10}
    >
      <Styled(Styled(Box))
        box="h2"
        fontSize={5}
        fontWeight="bold"
        lineHeight={6}
        mb={5}
        pt={5}
      >
        Advanced React Curriculum
         
        <Link
          name="curriculum"
          to="#curriculum"
        >
          #
        </Link>
      </Styled(Styled(Box))>
    </Styled(Col)>
  </Row>
  <Row>
    <Styled(Col)
      lg={5}
      lgOffset={1}
      md={6}
    >
      <Styled(Box)
        box="h3"
        fontSize={4}
        lineHeight={4}
        pt={4}
      >
        Course outline
      </Styled(Box)>
      <CurriculumSection
        name="day1"
        subTitle="Advanced React patterns, Hooks, and performance"
        title="Advanced React Day 1"
        toggleNavigateTo={[Function]}
        trainingTime=" 9am - 6:30pm"
        type="Advanced React"
      >
        <HoCsRenderPropsStateReducerSession
          title="Functional Programming & Advanced React patterns"
        />
        <ReactPerformanceSession
          title="Performance"
        />
      </CurriculumSection>
      <CurriculumSection
        name="day2"
        subTitle="Real-world Testing in React"
        title="Advanced React Day 2"
        toggleNavigateTo={[Function]}
        trainingTime=" 9am - 6:30pm"
        type="Advanced React"
      >
        <TestingIntroSession
          title="Testing Foundation in JS"
        />
        <TestingInReactSession
          title="Testing in React"
        />
        <E2ESession
          title="End-to-End Testing"
        />
      </CurriculumSection>
      <styled.div>
        <LinkButton
          border={0}
          borderRadius={2}
          box="button"
          boxShadow="light"
          fontSize={2}
          letterSpacing=" 0.6px"
          px={4}
          py={1}
          textAlign="center"
          to="/react/curriculum?tab=Advanced React"
          variant="default"
        >
          Full curriculum
        </LinkButton>
      </styled.div>
    </Styled(Col)>
    <Styled(Col)
      lg={4}
      md={5}
      mdOffset={1}
    />
  </Row>
</Fragment>
`;
