// Jest Snapshot v1, https://goo.gl/fbAQLP

exports[`<CurriculumAdvancedReact /> should render component 1`] = `
<Fragment>
  <Row>
    <Styled(Col)
      lg={10}
      lgOffset={1}
    >
      <Styled(styled.h2)>
        Advanced React Curriculum
         
        <Link
          name="curriculum"
          to="#curriculum"
        >
          #
        </Link>
      </Styled(styled.h2)>
    </Styled(Col)>
  </Row>
  <Row>
    <Styled(Col)
      lg={5}
      lgOffset={1}
      md={6}
    >
      <CurriculumSection
        name="day1"
        subTitle="Advanced React patterns, Hooks, and performance"
        title="Advanced React Day 1"
        toggleNavigateTo={[Function]}
        type="Advanced React"
      >
        <HoCsRenderPropsStateReducerSession
          title="Functional Programming & Advanced React patterns"
        />
        <ReactPerformanceSession
          title="Performance"
        />
      </CurriculumSection>
      <CurriculumSection
        name="day2"
        subTitle="Real-world Testing in React"
        title="Advanced React Day 2"
        toggleNavigateTo={[Function]}
        type="Advanced React"
      >
        <TestingIntroSession
          title="Testing Foundation in JS"
        />
        <TestingInReactSession
          title="Testing in React"
        />
        <E2ESession
          title="End-to-End Testing"
        />
      </CurriculumSection>
      <CurriculumSection
        name="day3"
        subTitle="GraphQL and Hackathon"
        title="Advanced React Day 3"
        toggleNavigateTo={[Function]}
        type="Advanced React"
      >
        <Hackathon />
      </CurriculumSection>
      <styled.div>
        <LinkButton
          to="/react/curriculum?tab=Advanced React"
          trackUserBehaviour={[Function]}
          variant="default"
        >
          Full curriculum
        </LinkButton>
      </styled.div>
    </Styled(Col)>
    <Styled(Col)
      lg={5}
      lgOffset={1}
      md={6}
    >
      <UpcomingTrainingSection
        curriculum={true}
        type="Advanced React"
      />
    </Styled(Col)>
  </Row>
</Fragment>
`;
