// Jest Snapshot v1, https://goo.gl/fbAQLP

exports[`<FullCurriculum /> should render component 1`] = `
<Fragment>
  <Row>
    <Styled(Col)
      lg={10}
      lgOffset={1}
    >
      <Styled(Styled(Box))
        box="h2"
        fontSize={5}
        fontWeight="bold"
        lineHeight={6}
        mb={5}
        pt={5}
      >
        Choose a course...
         
        <Link
          name="curriculum"
          to="#curriculum"
        >
          #
        </Link>
      </Styled(Styled(Box))>
    </Styled(Col)>
  </Row>
  <Row>
    <Styled(Col)
      lg={11}
    >
      <Tabs
        active="React Bootcamp"
        onChange={[Function]}
      >
        <TabList
          offset={true}
        >
          <TabItem
            name="React Bootcamp"
          >
            React Bootcamp
          </TabItem>
          <TabItem
            name="React Fundamentals"
          >
            React Fundamentals
          </TabItem>
          <TabItem
            name="Advanced React"
          >
            Advanced React
          </TabItem>
          <TabItem
            name="Part-time"
          >
            Part-time Course
          </TabItem>
          <TabItem
            name="React Native"
          >
            React Workshops
          </TabItem>
        </TabList>
        <TabList
          offset={true}
        >
          <TabItem
            name="GraphQL Bootcamp"
          >
            GraphQL Bootcamp
          </TabItem>
          <TabItem
            name="GraphQL Worskhop"
          >
            GraphQL Workshops
          </TabItem>
        </TabList>
        <TabContent>
          <ContentItem
            name="React Bootcamp"
          >
            <CurriculumBootcamp
              showTitle={false}
            />
          </ContentItem>
          <ContentItem
            name="React Fundamentals"
          >
            <CurriculumReactFundamentals
              showTitle={false}
            />
          </ContentItem>
          <ContentItem
            name="Advanced React"
          >
            <CurriculumAdvancedReact
              showTitle={false}
            />
          </ContentItem>
          <ContentItem
            name="Part-time"
          >
            <CurriculumPartTime
              showTitle={false}
            />
          </ContentItem>
          <ContentItem
            name="React Native"
          >
            <CurriculumReactWorkshops
              showTitle={false}
            />
          </ContentItem>
          <ContentItem
            name="GraphQL Bootcamp"
          >
            <CurriculumGraphQLBootcamp
              showTitle={false}
            />
          </ContentItem>
          <ContentItem
            name="GraphQL Worskhop"
          >
            <CurriculumGraphQLWorkshops
              showTitle={false}
            />
          </ContentItem>
        </TabContent>
      </Tabs>
    </Styled(Col)>
  </Row>
</Fragment>
`;
