// Jest Snapshot v1, https://goo.gl/fbAQLP

exports[`<FullCurriculum /> should render component 1`] = `
<Fragment>
  <Row>
    <Styled(Col)
      lg={10}
      lgOffset={1}
      
    >
      <Styled(styled.h2)>
        Choose a course...
         
        <Link
          name="curriculum"
          to="#curriculum"
        >
          #
        </Link>
      </Styled(styled.h2)>
    </Styled(Col)>
  </Row>
  <Row>
    <Styled(Col)
      lg={11}
      
    >
      <Tabs
        active="React Bootcamp"
        onChange={[Function]}
      >
        <TabList
          offset={true}
        >
          <TabItem
            name="React Bootcamp"
          >
            React Bootcamp
          </TabItem>
          <TabItem
            name="Advanced React"
          >
            Advanced React
          </TabItem>
          <TabItem
            name="Part-time"
          >
            Part-time React
          </TabItem>
          <TabItem
            name="React Native"
          >
            1-Day Workshops
          </TabItem>
          <TabItem
            name="GraphQL Bootcamp"
          >
            GraphQL Bootcamp
          </TabItem>
        </TabList>
        <TabContent>
          <ContentItem
            name="React Bootcamp"
          >
            <CurriculumBootcamp
              showTitle={false}
            />
          </ContentItem>
          <ContentItem
            name="Advanced React"
          >
            <CurriculumAdvancedReact
              showTitle={false}
            />
          </ContentItem>
          <ContentItem
            name="Part-time"
          >
            <CurriculumPartTime
              showTitle={false}
            />
          </ContentItem>
          <ContentItem
            name="React Native"
          >
            <CurriculumOneDayWorkshops
              showTitle={false}
            />
          </ContentItem>
          <ContentItem
            name="GraphQL Bootcamp"
          >
            <CurriculumGraphQLBootcamp
              showTitle={false}
            />
          </ContentItem>
        </TabContent>
      </Tabs>
    </Styled(Col)>
  </Row>
</Fragment>
`;
