// Jest Snapshot v1, https://goo.gl/fbAQLP

exports[`<MarketingCard /> should render component 1`] = `
<styled.div>
  <Row>
    <Styled(Box)
      box={[Function]}
      md={6}
    >
      <Styled(Box)
        box="span"
      />
    </Styled(Box)>
    <Styled(Box)
      box={[Function]}
      lgOffset={1}
      md={5}
    >
      <LinkButton
        className="blog-article"
        variant="secondary"
      />
    </Styled(Box)>
  </Row>
</styled.div>
`;
