// Jest Snapshot v1, https://goo.gl/fbAQLP

exports[`<MarketingCard /> should render component 1`] = `
<styled.div>
  <Row>
    <Styled(Col)
      md={6}
    >
      <Styled(Box)
        box="span"
      />
    </Styled(Col)>
    <Styled(Col)
      center={true}
      lgOffset={1}
      md={5}
    >
      <div>
        <LinkButton
          border={0}
          borderRadius={2}
          box="button"
          boxShadow="light"
          className="blog-article"
          fontSize={2}
          letterSpacing=" 0.6px"
          px={4}
          py={1}
          textAlign="center"
          variant="secondary"
        />
      </div>
    </Styled(Col)>
  </Row>
</styled.div>
`;
