// Jest Snapshot v1, https://goo.gl/fbAQLP

exports[`<MarketingCard /> should render component 1`] = `
<Card
  borderColor="rgba(97, 218, 251, 1)"
  borderStyle="solid"
  mb={2}
  mt={4}
  position="relative"
  variant="info"
>
  <Row>
    <Styled(Styled(Box))
      box={[Function]}
      display="flex"
      md={6}
    >
      <Styled(Box)
        box="span"
      />
    </Styled(Styled(Box))>
    <Styled(Styled(Box))
      box={[Function]}
      display="flex"
      lgOffset={1}
      md={5}
    >
      <LinkButton
        className="blog-article"
        variant="secondary"
      />
    </Styled(Styled(Box))>
  </Row>
</Card>
`;
